C51 COMPILER V9.00   MAIN                                                                  03/28/2021 21:18:42 PAGE 1   


C51 COMPILER V9.00, COMPILATION OF MODULE MAIN
OBJECT MODULE PLACED IN main.OBJ
COMPILER INVOKED BY: C:\Keil_v4\C51\BIN\C51.EXE main.c BROWSE DEBUG OBJECTEXTEND

line level    source

   1          #include <reg52.h>
   2          #include <intrins.h>
   3                  
   4          #define uchar  unsigned char 
   5          #define uint   unsigned int
   6          
   7          sbit RS = P1^0;   //定义端口 
   8          sbit RW = P1^1;
   9          sbit EN = P2^5;   //
  10          
  11          sbit dula=P2^6;
  12          sbit wela=P2^7;
  13          
  14          #define RS_CLR RS=0 
  15          #define RS_SET RS=1
  16          
  17          #define RW_CLR RW=0 
  18          #define RW_SET RW=1 
  19          
  20          #define EN_CLR EN=0
  21          #define EN_SET EN=1
  22          
  23          #define DataPort P0
  24          
  25          void delay(uint z)
  26          {
  27   1              uint x,y;
  28   1              for(x=z;x>0;x--)
  29   1                      for(y=110;y>0;y--);
  30   1      }
  31          
  32          /*------------------------------------------------
  33                        写入命令函数
  34          ------------------------------------------------*/
  35           void LCD_Write_Com(unsigned char com) 
  36           {     
  37   1           RS_CLR;
  38   1           DataPort= com; 
  39   1           delay(5); 
  40   1           EN_SET; 
  41   1           delay(5); 
  42   1           EN_CLR;
  43   1       }
  44          /*------------------------------------------------
  45                        写入数据函数
  46          ------------------------------------------------*/
  47           void LCD_Write_Data(unsigned char Data) 
  48           { 
  49   1           RS_SET;   
  50   1           DataPort= Data; 
  51   1           delay(5);
  52   1           EN_SET; 
  53   1           delay(5);
  54   1           EN_CLR;
  55   1       }
C51 COMPILER V9.00   MAIN                                                                  03/28/2021 21:18:42 PAGE 2   

  56          
  57          /*------------------------------------------------
  58                          清屏函数
  59          ------------------------------------------------*/
  60           void LCD_Clear(void) 
  61           { 
  62   1           LCD_Write_Com(0x01); 
  63   1            delay(5);
  64   1       }
  65          
  66          /*------------------------------------------------
  67                        写入字符串函数
  68          ------------------------------------------------*/
  69           void LCD_Write_String(unsigned char x,unsigned char y,unsigned char *s) 
  70           {     
  71   1           if (y == 0) 
  72   1           {     
  73   2               LCD_Write_Com(0x80 + x);     //表示第一行
  74   2           }
  75   1           else 
  76   1           {      
  77   2              LCD_Write_Com(0x80 + 0x40 + x);      //表示第二行
  78   2           }        
  79   1           while (*s) 
  80   1           {     
  81   2               LCD_Write_Data(*s);     
  82   2               s++;     
  83   2           }
  84   1       }
  85          /*------------------------------------------------
  86                        写入字符函数
  87          ------------------------------------------------*/
  88           void LCD_Write_Char(unsigned char x,unsigned char y,unsigned char Data) 
  89           {     
  90   1          if (y == 0)
  91   1          {     
  92   2              LCD_Write_Com(0x80 + x);     
  93   2          }    
  94   1          else 
  95   1          {     
  96   2              LCD_Write_Com(0x80 + 0x40 + x);     
  97   2          }        
  98   1          LCD_Write_Data( Data);  
  99   1       }
 100          /*------------------------------------------------
 101                        初始化函数
 102          ------------------------------------------------*/
 103           void LCD_Init(void) 
 104           {
 105   1         RW_CLR;
 106   1         dula=0;
 107   1         wela=0;
 108   1         EN_CLR;
 109   1         LCD_Write_Com(0x38);    /*显示模式设置*/ 
 110   1         LCD_Write_Com(0x0e);    /*显示关闭*/ 
 111   1         LCD_Write_Com(0x06);    /*显示光标移动设置*/ 
 112   1         LCD_Write_Com(0x01);    /*显示清屏*/ 
 113   1         LCD_Write_Com(0x80);    /*显示开及光标设置*/
 114   1      }
 115          
 116          uchar buf;
 117          void main()
C51 COMPILER V9.00   MAIN                                                                  03/28/2021 21:18:42 PAGE 3   

 118          {
 119   1              LCD_Init(); 
 120   1              LCD_Clear();//清屏
 121   1              LCD_Write_Char(1, 0, 'o');
 122   1              LCD_Write_Char(8,0,'k');
 123   1      //      LCD_Write_String(1,1,"hello world");
 124   1      
 125   1              P0 = 0xff;
 126   1          P2 = 0xff;  
 127   1              SCON=0x50;           //设定串口工作方式
 128   1          PCON=0x00;           //波特率不倍增 
 129   1          TMOD=0x20;           //定时器1工作于8位自动重载模式, 用于产生波特率
 130   1          EA=1;
 131   1          ES = 1;              //允许串口中断
 132   1          TL1=0xfd;
 133   1          TH1=0xfd;             //波特率9600
 134   1          TR1=1;
 135   1              while(1);
 136   1      }
 137          
 138          /*********************************************************
 139          
 140            串行中断服务函数
 141          
 142          *********************************************************/
 143          void  serial() interrupt 4 
 144          {
 145   1         ES = 0;                //关闭串行中断
 146   1         RI = 0;                //清除串行接受标志位
 147   1         buf = SBUF;            //从串口缓冲区取得数据
 148   1         switch(buf)
 149   1         {
 150   2            case 0x31:  
 151   2                      P1=0xfe; 
 152   2                      LCD_Write_Char(9, 0, 'x');
 153   2                      break;  //接受到1，第一个LED亮         
 154   2            case 0x32:  
 155   2                      P1=0xfd;
 156   2                      break;  //接受到2，第二个LED亮        
 157   2            case 0x33:  P1=0xfb;LCD_Write_Char(9, 0, 'x');break;  //接受到3，第三个LED亮        
 158   2            case 0x34:  P1=0xf7;LCD_Write_Char(9, 0, 'x');break;  //接受到4，第四个LED亮       
 159   2            case 0x35:  P1=0xef;LCD_Write_Char(9, 0, 'x');break;  //接受到5，第五个LED亮            
 160   2            case 0x36:  P1=0xdf;LCD_Write_Char(9, 0, 'x');break;  //接受到5，第六个LED亮                   
 161   2            case 0x37:  P1=0xbf;LCD_Write_Char(9, 0, 'x');break;  //接受到5，第七个LED亮
 162   2                case 0x38:  P1=0x7f;LCD_Write_Char(9, 0, 'x');break;  //接受到5，第八个LED亮
 163   2                default:    P1=0xff;LCD_Write_Char(9, 0, 'x');break;  //接受到其它数据，蜂鸣器响         
 164   2         }
 165   1         ES = 1;    //允许串口中断
 166   1      }


MODULE INFORMATION:   STATIC OVERLAYABLE
   CODE SIZE        =    371    ----
   CONSTANT SIZE    =   ----    ----
   XDATA SIZE       =   ----    ----
   PDATA SIZE       =   ----    ----
   DATA SIZE        =      1       1
   IDATA SIZE       =   ----    ----
   BIT SIZE         =   ----    ----
END OF MODULE INFORMATION.


C51 COMPILATION COMPLETE.  0 WARNING(S),  0 ERROR(S)
