C51 COMPILER V9.00   LESSION4                                                              03/16/2021 14:44:37 PAGE 1   


C51 COMPILER V9.00, COMPILATION OF MODULE LESSION4
OBJECT MODULE PLACED IN lession4.OBJ
COMPILER INVOKED BY: C:\Keil_v4\C51\BIN\C51.EXE lession4.c BROWSE DEBUG OBJECTEXTEND

line level    source

   1          #include<reg52.h>
   2          #include<intrins.h>
   3          
   4          #define uchar unsigned char         
   5          #define uint unsigned int
   6          #define dula P0
   7          
   8          uchar code sz[17]={0x3f , 0x06 , 0x5b ,0x4f , 0x66 , 0x6d ,0x7d , 0x07 , 0x7f , 0x6f ,0x77 , 0x7c , 0x39 ,
             - 0x5e , 0x79 , 0x71 , 0x00};
   9          
  10          sbit wela1 = P2^4;
  11          sbit wela2 = P2^5;
  12          sbit wela3 = P2^6;
  13          sbit wela4 = P2^7; 
  14          
  15          sbit beep = P2^3;
  16          
  17          sbit btn1 = P3^4;
  18          sbit btn2 = P3^5;
  19          sbit btn3 = P3^6;
  20          sbit btn4 = P3^7;
  21          
  22          uint tt, t2, num, qian, bai, shi, ge, beep_flag;
  23          uint temp;
  24          uint btn1_flag, btn2_flag, btn3_flag, btn4_flag;
  25          void delay(unsigned int xms);
  26          void getNum(uint num);
  27          
  28          
  29          void init()
  30          {
  31   1          temp = 0xfe;
  32   1          P1 = temp;
  33   1          TMOD = 0x11;
  34   1          TH0 = (65535-50000)/256;
  35   1          TL0 = (65535-50000)%256;
  36   1          TH1 = (65535-50000)/256;
  37   1          TL1 = (65535-50000)%256;
  38   1          EA = 1;     //开启中断
  39   1          ET0 = 1;    //定时器T0中断, 用于数码管
  40   1          TR0 = 1;    //定时器T0启动 
  41   1          ET1 = 1;    //定时器T1中断, 用于跑马灯
  42   1          TR1 = 1;    //定时器T1启动
  43   1      }
  44          
  45          void timer1() interrupt 1
  46          {
  47   1          TH0 = (65535-50000)/256;
  48   1          TL0 = (65535-50000)%256;
  49   1          tt++;
  50   1          if(tt==2)
  51   1          {
  52   2              tt = 0;
  53   2              /**
  54   2              if(btn1_flag==1)
C51 COMPILER V9.00   LESSION4                                                              03/16/2021 14:44:37 PAGE 2   

  55   2              {
  56   2                  return;
  57   2              }
  58   2              **/
  59   2              num++;
  60   2              if(num==10000)
  61   2                  num = 0;
  62   2              if(num==999)//等于999时，定时器停止
  63   2              {
  64   3                  //TR0 = 0;
  65   3                  beep_flag = 1;
  66   3                  //TR1 = 0;
  67   3              }
  68   2              if(beep_flag==1 && num%20==0)
  69   2              {
  70   3                  //num = 1;
  71   3                  beep = 0;
  72   3              }
  73   2              else
  74   2              {
  75   3                  beep = 1;
  76   3              }
  77   2              getNum(num);
  78   2          }
  79   1      }
  80          
  81          void led0() interrupt 3
  82          {
  83   1          TH1 = (65535-50000)/256;
  84   1          TL1 = (65535-50000)%256;
  85   1          t2++;
  86   1          
  87   1          if(t2==10)
  88   1          {
  89   2              t2=0;
  90   2              temp = _crol_(P1, 1);
  91   2              P1 = temp;
  92   2          }
  93   1      }
  94          
  95          void display(uint qian, uint bai, uint shi, uint ge)
  96          {
  97   1          dula = sz[qian];
  98   1          wela1 = 1;
  99   1          wela2 = 0;
 100   1          wela3 = 0;
 101   1          wela4 = 0;
 102   1          delay(5);
 103   1          dula = sz[bai];
 104   1          wela1 = 0;
 105   1          wela2 = 1;
 106   1          wela3 = 0;
 107   1          wela4 = 0;
 108   1          delay(5);
 109   1          dula = sz[shi];
 110   1          wela1 = 0;
 111   1          wela2 = 0;
 112   1          wela3 = 1;
 113   1          wela4 = 0;
 114   1          delay(5);
 115   1          dula = sz[ge];
 116   1          wela1 = 0;
C51 COMPILER V9.00   LESSION4                                                              03/16/2021 14:44:37 PAGE 3   

 117   1          wela2 = 0;
 118   1          wela3 = 0;
 119   1          wela4 = 1;
 120   1          delay(5);
 121   1      }
 122          
 123          void delay(unsigned int xms)                            
 124          {
 125   1              unsigned int i,j;
 126   1              for(i=xms;i>0;i--)                    //i=xms即延时约xms毫秒
 127   1                      for(j=110;j>0;j--);
 128   1      }
 129          
 130          void getNum(uint num)
 131          {
 132   1          qian = num/1000;
 133   1          bai = num/100%10;
 134   1          shi = num/10%10;
 135   1          ge = num%10;
 136   1      }
 137          
 138          
 139          
 140          void main()
 141          {
 142   1          init();
 143   1          
 144   1          while(1)
 145   1          {
 146   2              display(qian, bai, shi, ge);
 147   2                 
 148   2              if(btn1==0)
 149   2              {
 150   3                 delay(10);            //消抖
 151   3                 if(btn1==0)
 152   3                 {
 153   4                      TR0 = 0;
 154   4                      //while(!btn1)
 155   4                      //    display(qian, bai, shi, ge);
 156   4                      
 157   4                      btn1_flag = 1;
 158   4                      //TR0 = 1;
 159   4                 }
 160   3                 
 161   3              }
 162   2              if(btn2==0)
 163   2              {
 164   3                  delay(10);
 165   3                  if(btn2==0)
 166   3                  {
 167   4                      //while(!btn1)
 168   4                      //    display(qian, bai, shi, ge);
 169   4                      btn1_flag = 0;
 170   4                      TR0 = 1;
 171   4                  }
 172   3              }
 173   2              if(btn3==0)
 174   2              {
 175   3                  delay(10);
 176   3                  if(btn3==0)
 177   3                  {
 178   4                      TR0 = 0;
C51 COMPILER V9.00   LESSION4                                                              03/16/2021 14:44:37 PAGE 4   

 179   4                      num = 0;
 180   4                      TR0 = 1;
 181   4                  }
 182   3              }
 183   2          }
 184   1      }


MODULE INFORMATION:   STATIC OVERLAYABLE
   CODE SIZE        =    529    ----
   CONSTANT SIZE    =     17    ----
   XDATA SIZE       =   ----    ----
   PDATA SIZE       =   ----    ----
   DATA SIZE        =     26       8
   IDATA SIZE       =   ----    ----
   BIT SIZE         =   ----    ----
END OF MODULE INFORMATION.


C51 COMPILATION COMPLETE.  0 WARNING(S),  0 ERROR(S)
